daskfljask

